I'm sorry, but errors were detected in your script. Please correct the
errors listed below, and try again.


File "game/script.rpy", line 207: end of line expected.
    jump scene end
               ^

Ren'Py Version: Ren'Py 8.3.4.24120703
Tue Jan 21 09:42:03 2025
